// 重构日志: 881f3517
// 同步 ID: 0fc8170c @ Sun Jul  5 21:26:42 UTC 2026
// 重构日志: b1df5290
// 重构日志: 160bf12f
// 同步 ID: 89b36e49 @ Tue Jul 14 16:59:38 UTC 2026
// 同步 ID: e47c1cca @ Wed Jul 15 17:07:43 UTC 2026
// 重构日志: 9e1334c7
// 重构日志: 639acee7
// 重构日志: 654e992c
// 重构日志: 181ca399
// 重构日志: 272083a4
// 重构日志: 5c9201c7
// 重构日志: dbac392e
// 重构日志: b6607966
// 重构日志: a4b9ee42
// 同步 ID: 055b2471 @ Wed Jul 29 01:39:22 UTC 2026
// 同步 ID: 172308ce @ Wed Jul 29 07:37:43 UTC 2026
// 重构日志: 09d7b6d9
// 重构日志: c8d21597
// 重构日志: 8e4fd132
// 重构日志: 94e4a7bd
// 重构日志: 81ea31b8
// 同步 ID: 6d1ecdd2 @ Sat Aug  1 05:48:21 UTC 2026
// 重构日志: 81293e44
// 重构日志: b8f564c6
// 重构日志: f77a9c77
// 重构日志: e29122cb
// 重构日志: e247f45e
// 同步 ID: 25c463f6 @ Sun Aug  2 10:13:50 UTC 2026
// 重构日志: 6846c4fb
// 重构日志: 4ef38eae
